This is the test file
This is the test file
This is the test file
This is the test file
This is the test file
This is the test file
This is the test file
This is the test file
This is the test file
This is the test file
This is the test file
This is the test file
This is the test file
This is the test file
This is the test file
This is the test file
This is the test file
This is the test file
This is the test file
This is the test file
This is the test file
This is the test file
This is the test file
This is the test file
This is the test file
This is the test file
This is the test file
This is the test file
This is the test file
This is the test file
This is the test file
This is the test file
This is the test file
This is the test file
This is the test file
This is the test file
This is the test file
This is the test file
This is the test file
This is the test file
This is the test file
This is the test file
This is the test file
This is the test file
This is the test file
This is the test file
This is the test file
This is the test file
This is the test file
This is the test file
This is the test file
This is the test file
This is the test file
This is the test file
This is the test file
This is the test file
This is the test file
This is the test file
This is the test file
This is the test file
This is the test file
This is the test file
This is the test file
This is the test file
This is the test file
This is the test file
This is the test file
This is the test file
This is the test file
This is the test file
This is the test file
This is the test file
This is the test file
This is the test file
This is the test file
This is the test file
This is the test file
This is the test file
This is the test file
This is the test file
This is the test file
This is the test file
This is the test file
This is the test file
This is the test file
This is the test file
This is the test file
This is the test file
This is the test file
This is the test file
This is the test file
This is the test file
This is the test file
This is the test file
This is the test file
This is the test file
This is the test file
This is the test file
This is the test file
This is the test file
This is the test file
This is the test file
This is the test file
This is the test file
This is the test file
This is the test file
This is the test file
This is the test file
This is the test file
This is the test file
This is the test file
This is the test file
This is the test file
This is the test file
This is the test file
This is the test file
This is the test file
This is the test file
This is the test file
This is the test file
This is the test file
This is the test file
This is the test file
This is the test file
This is the test file
This is the test file
This is the test file
This is the test file
This is the test file
This is the test file
This is the test file
This is the test file
This is the test file
This is the test file
This is the test file
This is the test file
This is the test file
This is the test file
This is the test file
This is the test file
This is the test file
This is the test file
This is the test file
This is the test file
This is the test file
This is the test file
This is the test file
This is the test file
This is the test file
This is the test file
This is the test file
This is the test file
This is the test file
This is the test file
This is the test file
This is the test file
This is the test file
This is the test file
This is the test file
This is the test file
This is the test file
This is the test file
This is the test file
This is the test file
This is the test file
This is the test file
This is the test file
This is the test file
This is the test file
This is the test file
This is the test file
This is the test file
This is the test file
This is the test file
This is the test file
This is the test file
This is the test file
This is the test file
This is the test file
This is the test file
This is the test file
This is the test file
This is the test file
This is the test file
This is the test file
This is the test file
This is the test file
This is the test file
This is the test file
This is the test file
This is the test file
This is the test file
This is the test file
This is the test file
This is the test file
This is the test file
This is the test file
This is the test file
This is the test file
This is the test file
This is the test file
This is the test file
This is the test file
